// Jest Snapshot v1, https://goo.gl/fbAQLP

exports[`tokens match the reviewed values in every set 1`] = `
{
  ".dark:root": {
    "accent": "217 33% 20%",
    "accent-foreground": "220 14% 96%",
    "background": "220 49% 8%",
    "border": "217 33% 24%",
    "card": "221 39% 12%",
    "card-foreground": "220 14% 96%",
    "destructive": "0 94% 82%",
    "destructive-foreground": "0 63% 15%",
    "foreground": "220 14% 96%",
    "input": "215 16% 60%",
    "muted": "217 33% 17%",
    "muted-foreground": "218 11% 70%",
    "overlay": "0 0% 0%",
    "popover": "221 39% 12%",
    "popover-foreground": "220 14% 96%",
    "primary": "212 96% 78%",
    "primary-foreground": "222 47% 11%",
    "ring": "212 96% 78%",
    "secondary": "217 33% 20%",
    "secondary-foreground": "220 14% 96%",
  },
  ".high-contrast": {
    "accent": "0 0% 100%",
    "accent-foreground": "0 0% 0%",
    "background": "0 0% 100%",
    "border": "0 0% 0%",
    "card": "0 0% 100%",
    "card-foreground": "0 0% 0%",
    "destructive": "0 100% 25%",
    "destructive-foreground": "0 0% 100%",
    "foreground": "0 0% 0%",
    "input": "0 0% 0%",
    "muted": "0 0% 100%",
    "muted-foreground": "0 0% 15%",
    "overlay": "0 0% 0%",
    "popover": "0 0% 100%",
    "popover-foreground": "0 0% 0%",
    "primary": "224 90% 25%",
    "primary-foreground": "0 0% 100%",
    "ring": "224 90% 25%",
    "secondary": "0 0% 100%",
    "secondary-foreground": "0 0% 0%",
  },
  ".high-contrast-dark": {
    "accent": "0 0% 0%",
    "accent-foreground": "0 0% 100%",
    "background": "0 0% 0%",
    "border": "0 0% 100%",
    "card": "0 0% 0%",
    "card-foreground": "0 0% 100%",
    "destructive": "0 100% 86%",
    "destructive-foreground": "0 0% 0%",
    "foreground": "0 0% 100%",
    "input": "0 0% 100%",
    "muted": "0 0% 0%",
    "muted-foreground": "0 0% 88%",
    "overlay": "0 0% 0%",
    "popover": "0 0% 0%",
    "popover-foreground": "0 0% 100%",
    "primary": "212 100% 85%",
    "primary-foreground": "0 0% 0%",
    "ring": "212 100% 85%",
    "secondary": "0 0% 0%",
    "secondary-foreground": "0 0% 100%",
  },
  ":root": {
    "accent": "214 32% 91%",
    "accent-foreground": "222 47% 11%",
    "background": "0 0% 100%",
    "border": "214 32% 85%",
    "card": "210 40% 98%",
    "card-foreground": "222 47% 11%",
    "destructive": "0 74% 42%",
    "destructive-foreground": "0 0% 100%",
    "foreground": "222 47% 11%",
    "input": "215 16% 47%",
    "muted": "210 40% 96%",
    "muted-foreground": "215 19% 35%",
    "overlay": "222 47% 11%",
    "popover": "0 0% 100%",
    "popover-foreground": "222 47% 11%",
    "primary": "224 76% 48%",
    "primary-foreground": "0 0% 100%",
    "radius": "8px",
    "ring": "224 76% 48%",
    "secondary": "214 32% 91%",
    "secondary-foreground": "222 47% 11%",
  },
}
`;
